[
    {
        "Name": "reg/img:unsigned-tag",
        "SignedTags": [],
        "Signers": [],
        "AdministrativeKeys": [
            {
                "Name": "Root",
                "Keys": [
                    {
                        "ID": "rootID"
                    }
                ]
            },
            {
                "Name": "Repository",
                "Keys": [
                    {
                        "ID": "targetsID"
                    }
                ]
            }
        ]
    }
]
