[{"SignedTags":[{"SignedTag":"blue","Digest":"626c75652d646967657374","Signers":["alice"]},{"SignedTag":"green","Digest":"677265656e2d646967657374","Signers":["Repo Admin"]},{"SignedTag":"red","Digest":"7265642d646967657374","Signers":["alice","bob"]}],"Signers":[{"Name":"bob","Keys":["B"]},{"Name":"alice","Keys":["A"]}],"AdminstrativeKeys":[{"Name":"Root","Keys":["rootID"]},{"Name":"Repository","Keys":["targetsID"]}]}]