ID                  NAME                IMAGE               NODE                DESIRED STATE       CURRENT STATE        ERROR               PORTS
id-bar              service-name-1.1    myimage:mytag       id-node             Ready               Failed 2 hours ago                       
id-foo              service-name-10.1   myimage:mytag       id-node             Ready               Failed 2 hours ago                       
