{
   "schemaVersion": 2,
   "mediaType": "application/vnd.docker.distribution.manifest.list.v2+json",
   "manifests": [
      {
         "mediaType": "application/vnd.docker.distribution.manifest.v2+json",
         "size": 528,
         "digest": "sha256:1072e499f3f655a032e88542330cf75b02e7bdf673278f701d7ba61629ee3ebe",
         "platform": {
            "architecture": "amd64",
            "os": "linux"
         }
      },
      {
         "mediaType": "application/vnd.docker.distribution.manifest.v2+json",
         "size": 528,
         "digest": "sha256:1072e499f3f655a032e88542330cf75b02e7bdf673278f701d7ba61629ee3ebe",
         "platform": {
            "architecture": "amd64",
            "os": "linux"
         }
      }
   ]
}
