{
	"schemaVersion": 2,
	"mediaType": "application/vnd.docker.distribution.manifest.v2+json",
	"config": {
		"mediaType": "application/vnd.docker.container.image.v1+json",
		"size": 1520,
		"digest": "sha256:7328f6f8b41890597575cbaadc884e7386ae0acc53b747401ebce5cf0d624560"
	},
	"layers": [
		{
			"mediaType": "application/vnd.docker.image.rootfs.diff.tar.gzip",
			"size": 1990402,
			"digest": "sha256:88286f41530e93dffd4b964e1db22ce4939fffa4a4c665dab8591fbab03d4926"
		}
	]
}
