NAME        DESCRIPTION                               DOCKER ENDPOINT                       KUBERNETES ENDPOINT                        ORCHESTRATOR
current *   description of current                    https://someswarmserver.example.com   https://someserver.example.com (default)   all
default     Current DOCKER_HOST based configuration   unix:///var/run/docker.sock                                                      swarm
other       description of other                      https://someswarmserver.example.com   https://someserver.example.com (default)   all
unset       description of unset                      https://someswarmserver.example.com   https://someserver.example.com (default)   
