NAME        DESCRIPTION                               DOCKER ENDPOINT               KUBERNETES ENDPOINT                                 ORCHESTRATOR
default *   Current DOCKER_HOST based configuration   unix:///var/run/docker.sock                                                       swarm
test                                                  unix:///var/run/docker.sock   https://kubernetes.docker.internal:6443 (default)   swarm
