TYPE                VERSION             NOTES
current             1.1.0               
patch               1.1.1               https://docs.docker.com/releasenotes/1.1.1
patch               1.1.2               https://docs.docker.com/releasenotes/1.1.2
upgrade             1.2.0               https://docs.docker.com/releasenotes/1.2.0
upgrade             2.0.0               https://docs.docker.com/releasenotes/2.0.0
