ID                  NAME                CREATED             UPDATED
ID-1-foo            1-foo               2 hours ago         About an hour ago
ID-2-foo            2-foo               2 hours ago         About an hour ago
ID-10-foo           10-foo              2 hours ago         About an hour ago
