
Usage:	docker stack deploy [OPTIONS] STACK

Deploy a new stack or update an existing stack

Aliases:
  deploy, up

Options:
  -c, --compose-file strings   Path to a Compose file, or "-" to read
                               from stdin
      --kubeconfig string      Kubernetes config file
      --namespace string       Kubernetes namespace to use
      --orchestrator string    Orchestrator to use (swarm|kubernetes|all)
