CONTAINER ID        IMAGE               COMMAND             CREATED                  STATUS              PORTS               NAMES
container_id        busybox:latest      "top"               Less than a second ago   Up 1 second                             c1
container_id        busybox:latest      "top"               Less than a second ago   Up 1 second                             c2,foo/bar
