top-level network "global" is ignored
service "front": network "private" is ignored
service "front": update_config.delay is not supported
service "front": update_config.failure_action is not supported
service "front": update_config.monitor is not supported
service "front": update_config.max_failure_ratio is not supported
service "front": restart_policy.delay is ignored
service "front": restart_policy.max_attempts is ignored
service "front": restart_policy.window is ignored
service "front": container_name is deprecated
service "front": expose is deprecated
service "front": build is ignored
service "front": cgroup_parent is ignored
service "front": devices are ignored
service "front": domainname is ignored
service "front": external_links are ignored
service "front": links are ignored
service "front": mac_address is ignored
service "front": network_mode is ignored
service "front": restart is ignored
service "front": security_opt are ignored
service "front": ulimits are ignored
service "front": depends_on are ignored
service "front": credential_spec is ignored
service "front": dns are ignored
service "front": dns_search are ignored
service "front": env_file are ignored
service "front": stop_signal is ignored
service "front": logging is ignored
service "front": volume.propagation is ignored
service "front": volume.nocopy is ignored
